// Jest Snapshot v1, https://goo.gl/fbAQLP

exports[`Card component should render without crashing 1`] = `
<div>
  <div
    class="css-bpbd7c-Box e1gx7u5e0"
  >
    I'm a Card
  </div>
</div>
`;
