// Jest Snapshot v1, https://goo.gl/fbAQLP

exports[`Button component should render without crashing 1`] = `
<div>
  <button
    class="css-qme8zs"
  >
    <span
      class="e7emh9v1 css-cj61wh-ButtonText"
    >
      Search
    </span>
  </button>
</div>
`;
